<?xml version="1.0" encoding="UTF-8"?>
<!DOCTYPE cesAna SYSTEM "xcesAnaIPI.dtd">
<cesAna xmlns:xlink="http://www.w3.org/1999/xlink" version="1.0" type="lex disamb">
<chunkList>
 <chunk>
  <chunk type="s">
   <tok>
    <orth>byłem</orth>
    <lex><base>być</base><ctag>fin:sg:m1:pri:imperf:prt</ctag></lex>
    <lex><base>być</base><ctag>fin:sg:m2:pri:imperf:prt</ctag></lex>
    <lex><base>być</base><ctag>fin:sg:m3:pri:imperf:prt</ctag></lex>
   </tok>
  </chunk>
 </chunk>
</chunkList>
</cesAna>
